Archive member included to satisfy reference by file (symbol)

C:\Users\Braya\workspace\nucleo-l152re_hal_lib\Debug\libnucleo-l152re_hal_lib.a(stm32l1xx_hal.o)
                              src/stm32l1xx_it.o (HAL_IncTick)
C:\Users\Braya\workspace\nucleo-l152re_hal_lib\Debug\libnucleo-l152re_hal_lib.a(stm32l1xx_hal_cortex.o)
                              C:\Users\Braya\workspace\nucleo-l152re_hal_lib\Debug\libnucleo-l152re_hal_lib.a(stm32l1xx_hal.o) (HAL_NVIC_SetPriorityGrouping)
C:\Users\Braya\workspace\nucleo-l152re_hal_lib\Debug\libnucleo-l152re_hal_lib.a(stm32l1xx_ll_utils.o)
                              src/clock.o (LL_Init1msTick)
c:/ac6/systemworkbench/plugins/fr.ac6.mcu.externaltools.arm-none.win32_1.17.0.201812190825/tools/compiler/bin/../lib/gcc/arm-none-eabi/7.3.1/../../../../arm-none-eabi/lib/thumb/v7-m\libc.a(lib_a-errno.o)
                              src/syscalls.o (__errno)
c:/ac6/systemworkbench/plugins/fr.ac6.mcu.externaltools.arm-none.win32_1.17.0.201812190825/tools/compiler/bin/../lib/gcc/arm-none-eabi/7.3.1/../../../../arm-none-eabi/lib/thumb/v7-m\libc.a(lib_a-exit.o)
                              c:/ac6/systemworkbench/plugins/fr.ac6.mcu.externaltools.arm-none.win32_1.17.0.201812190825/tools/compiler/bin/../lib/gcc/arm-none-eabi/7.3.1/../../../../arm-none-eabi/lib/thumb/v7-m/crt0.o (exit)
c:/ac6/systemworkbench/plugins/fr.ac6.mcu.externaltools.arm-none.win32_1.17.0.201812190825/tools/compiler/bin/../lib/gcc/arm-none-eabi/7.3.1/../../../../arm-none-eabi/lib/thumb/v7-m\libc.a(lib_a-impure.o)
                              c:/ac6/systemworkbench/plugins/fr.ac6.mcu.externaltools.arm-none.win32_1.17.0.201812190825/tools/compiler/bin/../lib/gcc/arm-none-eabi/7.3.1/../../../../arm-none-eabi/lib/thumb/v7-m\libc.a(lib_a-exit.o) (_global_impure_ptr)
c:/ac6/systemworkbench/plugins/fr.ac6.mcu.externaltools.arm-none.win32_1.17.0.201812190825/tools/compiler/bin/../lib/gcc/arm-none-eabi/7.3.1/../../../../arm-none-eabi/lib/thumb/v7-m\libc.a(lib_a-init.o)
                              c:/ac6/systemworkbench/plugins/fr.ac6.mcu.externaltools.arm-none.win32_1.17.0.201812190825/tools/compiler/bin/../lib/gcc/arm-none-eabi/7.3.1/../../../../arm-none-eabi/lib/thumb/v7-m/crt0.o (__libc_init_array)
c:/ac6/systemworkbench/plugins/fr.ac6.mcu.externaltools.arm-none.win32_1.17.0.201812190825/tools/compiler/bin/../lib/gcc/arm-none-eabi/7.3.1/../../../../arm-none-eabi/lib/thumb/v7-m\libc.a(lib_a-memset.o)
                              c:/ac6/systemworkbench/plugins/fr.ac6.mcu.externaltools.arm-none.win32_1.17.0.201812190825/tools/compiler/bin/../lib/gcc/arm-none-eabi/7.3.1/../../../../arm-none-eabi/lib/thumb/v7-m/crt0.o (memset)
c:/ac6/systemworkbench/plugins/fr.ac6.mcu.externaltools.arm-none.win32_1.17.0.201812190825/tools/compiler/bin/../lib/gcc/arm-none-eabi/7.3.1/../../../../arm-none-eabi/lib/thumb/v7-m\libc.a(lib_a-strlen-stub.o)
                              src/eprintf.o (strlen)
c:/ac6/systemworkbench/plugins/fr.ac6.mcu.externaltools.arm-none.win32_1.17.0.201812190825/tools/compiler/bin/../lib/gcc/arm-none-eabi/7.3.1/../../../../arm-none-eabi/lib/thumb/v7-m\libc.a(lib_a-__call_atexit.o)
                              c:/ac6/systemworkbench/plugins/fr.ac6.mcu.externaltools.arm-none.win32_1.17.0.201812190825/tools/compiler/bin/../lib/gcc/arm-none-eabi/7.3.1/../../../../arm-none-eabi/lib/thumb/v7-m\libc.a(lib_a-exit.o) (__call_exitprocs)
c:/ac6/systemworkbench/plugins/fr.ac6.mcu.externaltools.arm-none.win32_1.17.0.201812190825/tools/compiler/bin/../lib/gcc/arm-none-eabi/7.3.1/../../../../arm-none-eabi/lib/thumb/v7-m\libc.a(lib_a-atexit.o)
                              c:/ac6/systemworkbench/plugins/fr.ac6.mcu.externaltools.arm-none.win32_1.17.0.201812190825/tools/compiler/bin/../lib/gcc/arm-none-eabi/7.3.1/../../../../arm-none-eabi/lib/thumb/v7-m\libc.a(lib_a-__call_atexit.o) (atexit)
c:/ac6/systemworkbench/plugins/fr.ac6.mcu.externaltools.arm-none.win32_1.17.0.201812190825/tools/compiler/bin/../lib/gcc/arm-none-eabi/7.3.1/../../../../arm-none-eabi/lib/thumb/v7-m\libc.a(lib_a-fini.o)
                              c:/ac6/systemworkbench/plugins/fr.ac6.mcu.externaltools.arm-none.win32_1.17.0.201812190825/tools/compiler/bin/../lib/gcc/arm-none-eabi/7.3.1/../../../../arm-none-eabi/lib/thumb/v7-m\libc.a(lib_a-__call_atexit.o) (__libc_fini_array)
c:/ac6/systemworkbench/plugins/fr.ac6.mcu.externaltools.arm-none.win32_1.17.0.201812190825/tools/compiler/bin/../lib/gcc/arm-none-eabi/7.3.1/../../../../arm-none-eabi/lib/thumb/v7-m\libc.a(lib_a-lock.o)
                              c:/ac6/systemworkbench/plugins/fr.ac6.mcu.externaltools.arm-none.win32_1.17.0.201812190825/tools/compiler/bin/../lib/gcc/arm-none-eabi/7.3.1/../../../../arm-none-eabi/lib/thumb/v7-m\libc.a(lib_a-__call_atexit.o) (__retarget_lock_acquire_recursive)
[...]
Memory Configuration

Name             Origin             Length             Attributes
FLASH            0x08000000         0x00080000         xr
RAM              0x20000000         0x00014000         xrw
MEMORY_B1        0x60000000         0x00000000         xr
*default*        0x00000000         0xffffffff

Linker script and memory map

LOAD c:/ac6/systemworkbench/plugins/fr.ac6.mcu.externaltools.arm-none.win32_1.17.0.201812190825/tools/compiler/bin/../lib/gcc/arm-none-eabi/7.3.1/thumb/v7-m/crti.o
LOAD c:/ac6/systemworkbench/plugins/fr.ac6.mcu.externaltools.arm-none.win32_1.17.0.201812190825/tools/compiler/bin/../lib/gcc/arm-none-eabi/7.3.1/thumb/v7-m/crtbegin.o
LOAD c:/ac6/systemworkbench/plugins/fr.ac6.mcu.externaltools.arm-none.win32_1.17.0.201812190825/tools/compiler/bin/../lib/gcc/arm-none-eabi/7.3.1/../../../../arm-none-eabi/lib/thumb/v7-m/crt0.o
LOAD src/accel.o
LOAD src/clock.o
LOAD src/dbg.o
LOAD src/eprintf.o
LOAD src/gobbler.o
LOAD src/i2c.o
LOAD src/lcd.o
LOAD src/main.o
LOAD src/nav.o
LOAD src/rgb.o
LOAD src/spi.o
LOAD src/stm32l1xx_it.o
LOAD src/syscalls.o
LOAD src/system_stm32l1xx.o
LOAD src/uart.o
LOAD startup/startup_stm32l152xe.o
LOAD C:\Users\Braya\workspace\nucleo-l152re_hal_lib\Debug\libnucleo-l152re_hal_lib.a
LOAD c:/ac6/systemworkbench/plugins/fr.ac6.mcu.externaltools.arm-none.win32_1.17.0.201812190825/tools/compiler/bin/../lib/gcc/arm-none-eabi/7.3.1/../../../../arm-none-eabi/lib/thumb/v7-m\libm.a
START GROUP
LOAD c:/ac6/systemworkbench/plugins/fr.ac6.mcu.externaltools.arm-none.win32_1.17.0.201812190825/tools/compiler/bin/../lib/gcc/arm-none-eabi/7.3.1/thumb/v7-m\libgcc.a
LOAD c:/ac6/systemworkbench/plugins/fr.ac6.mcu.externaltools.arm-none.win32_1.17.0.201812190825/tools/compiler/bin/../lib/gcc/arm-none-eabi/7.3.1/../../../../arm-none-eabi/lib/thumb/v7-m\libc.a
END GROUP
LOAD c:/ac6/systemworkbench/plugins/fr.ac6.mcu.externaltools.arm-none.win32_1.17.0.201812190825/tools/compiler/bin/../lib/gcc/arm-none-eabi/7.3.1/thumb/v7-m/crtend.o
LOAD c:/ac6/systemworkbench/plugins/fr.ac6.mcu.externaltools.arm-none.win32_1.17.0.201812190825/tools/compiler/bin/../lib/gcc/arm-none-eabi/7.3.1/thumb/v7-m/crtn.o
                0x20014000                _estack = 0x20014000
                0x00000200                _Min_Heap_Size = 0x200
                0x00000400                _Min_Stack_Size = 0x400

.isr_vector     0x08000000      0x13c
                0x08000000                . = ALIGN (0x4)
 *(.isr_vector)
 .isr_vector    0x08000000      0x13c startup/startup_stm32l152xe.o
                0x08000000                g_pfnVectors
                0x0800013c                . = ALIGN (0x4)

.text           0x0800013c     0x2ef8
                0x0800013c                . = ALIGN (0x4)
 *(.text)
 .text          0x0800013c       0x40 c:/ac6/systemworkbench/plugins/fr.ac6.mcu.externaltools.arm-none.win32_1.17.0.201812190825/tools/compiler/bin/../lib/gcc/arm-none-eabi/7.3.1/thumb/v7-m/crtbegin.o
 *(.text*)
 .text.AccelInit
                0x0800017c       0x5e src/accel.o
                0x0800017c                AccelInit
 .text.AccelTiltGet
                0x080001da       0x9c src/accel.o
                0x080001da                AccelTiltGet
 *fill*         0x08000276        0x2 
 .text.Rdg2Deg  0x08000278       0x44 src/accel.o
 .text.LL_APB1_GRP1_EnableClock
                0x080002bc       0x30 src/clock.o
 .text.LL_RCC_HSI_Enable
                0x080002ec       0x1c src/clock.o
 .text.LL_RCC_HSI_IsReady
                0x08000308       0x24 src/clock.o
 .text.LL_RCC_SetSysClkSource
                0x0800032c       0x28 src/clock.o
 .text.LL_RCC_GetSysClkSource
                0x08000354       0x18 src/clock.o
 .text.LL_RCC_SetAHBPrescaler
                0x0800036c       0x28 src/clock.o
 .text.LL_RCC_SetAPB1Prescaler
                0x08000394       0x28 src/clock.o
 .text.LL_RCC_SetAPB2Prescaler
                0x080003bc       0x28 src/clock.o
 .text.LL_RCC_PLL_Enable
                0x080003e4       0x1c src/clock.o
 .text.LL_RCC_PLL_IsReady
                0x08000400       0x24 src/clock.o
 .text.LL_RCC_PLL_ConfigDomain_SYS
                0x08000424       0x34 src/clock.o
 .text.LL_FLASH_SetLatency
                0x08000458       0x28 src/clock.o
 .text.LL_FLASH_Enable64bitAccess
                0x08000480       0x1c src/clock.o
 .text.LL_PWR_SetRegulVoltageScaling
                0x0800049c       0x28 src/clock.o
 .text.LL_PWR_IsActiveFlag_VOS
                0x080004c4       0x24 src/clock.o
 .text.ClockInit
                0x080004e8       0x9c src/clock.o
                0x080004e8                ClockInit
 .text.ClockWaitForTick
                0x08000584       0x24 src/clock.o
                0x08000584                ClockWaitForTick
 .text.LL_AHB1_GRP1_EnableClock
                0x080005a8       0x30 src/dbg.o
 .text.LL_GPIO_SetPinMode
                0x080005d8       0x58 src/dbg.o
 .text.LL_GPIO_ResetOutputPin
                0x08000630       0x1a src/dbg.o
 *fill*         0x0800064a        0x2 
 .text.DbgInit  0x0800064c       0x24 src/dbg.o
                0x0800064c                DbgInit
 .text.GobblerClock
                0x08000670      0x3b4 src/gobbler.o
                0x08000670                GobblerClock
 .text.RenderInitialPlayScreen
                0x08000a24       0x38 src/gobbler.o
 .text.GobblerUpdate
                0x08000a5c      0x15c src/gobbler.o
 .text.ElapsedTimeUpdate
                0x08000bb8       0x38 src/gobbler.o
 .text.LL_AHB1_GRP1_EnableClock
                0x08000bf0       0x30 src/i2c.o
 .text.LL_APB1_GRP1_EnableClock
                0x08000c20       0x30 src/i2c.o
 .text.LL_GPIO_SetPinMode
                0x08000c50       0x58 src/i2c.o
 .text.LL_GPIO_SetPinOutputType
                0x08000ca8       0x2e src/i2c.o
 .text.LL_GPIO_SetPinSpeed
                0x08000cd6       0x58 src/i2c.o
 .text.LL_GPIO_SetPinPull
                0x08000d2e       0x58 src/i2c.o
 .text.LL_GPIO_SetAFPin_8_15
                0x08000d86       0x5c src/i2c.o
 .text.LL_I2C_Enable
                0x08000de2       0x1e src/i2c.o
 .text.LL_I2C_Disable
                0x08000e00       0x1e src/i2c.o
 *fill*         0x08000e1e        0x2 
 .text.LL_I2C_ConfigSpeed
                0x08000e20      0x120 src/i2c.o
 .text.LL_I2C_IsActiveFlag_TXE
                0x08000f40       0x24 src/i2c.o
 .text.LL_I2C_IsActiveFlag_RXNE
                0x08000f64       0x24 src/i2c.o
 .text.LL_I2C_IsActiveFlag_SB
                0x08000f88       0x24 src/i2c.o
 .text.LL_I2C_IsActiveFlag_ADDR
                0x08000fac       0x24 src/i2c.o
 .text.LL_I2C_ClearFlag_ADDR
                0x08000fd0       0x22 src/i2c.o
 .text.LL_I2C_AcknowledgeNextData
                0x08000ff2       0x24 src/i2c.o
 .text.LL_I2C_GenerateStartCondition
                0x08001016       0x1e src/i2c.o
 .text.LL_I2C_GenerateStopCondition
                0x08001034       0x1e src/i2c.o
 .text.LL_I2C_ReceiveData8
                0x08001052       0x18 src/i2c.o
 .text.LL_I2C_TransmitData8
                0x0800106a       0x26 src/i2c.o
 .text.I2cInit  0x08001090       0xc0 src/i2c.o
                0x08001090                I2cInit
 .text.I2cWrite
                0x08001150       0xa4 src/i2c.o
                0x08001150                I2cWrite
 .text.I2cRead  0x080011f4       0xec src/i2c.o
                0x080011f4                I2cRead
 .text.LcdInit  0x080012e0       0x80 src/lcd.o
                0x080012e0                LcdInit
 .text.LcdClear
                0x08001360       0x52 src/lcd.o
                0x08001360                LcdClear
 *fill*         0x080013b2        0x2 
 .text.LcdRenderObject
                0x080013b4      0x1e8 src/lcd.o
                0x080013b4                LcdRenderObject
 .text.LcdPrintf
                0x0800159c      0x458 src/lcd.o
                0x0800159c                LcdPrintf
 .text.LeftFill
                0x080019f4       0xe0 src/lcd.o
 .text.RightFill
                0x08001ad4       0x68 src/lcd.o
 .text.CharWrite
                0x08001b3c       0x68 src/lcd.o
 .text.LL_GPIO_SetOutputPin
                0x08001ba4       0x1a src/main.o
 .text.LL_GPIO_ResetOutputPin
                0x08001bbe       0x1a src/main.o
 .text.main     0x08001bd8       0x50 src/main.o
                0x08001bd8                main
 .text.LL_AHB1_GRP1_EnableClock
                0x08001c28       0x30 src/nav.o
 .text.LL_GPIO_SetPinMode
                0x08001c58       0x58 src/nav.o
 .text.LL_GPIO_IsInputPinSet
                0x08001cb0       0x28 src/nav.o
 .text.NavInit  0x08001cd8       0x58 src/nav.o
                0x08001cd8                NavInit
 .text.NavClock
                0x08001d30      0x328 src/nav.o
                0x08001d30                NavClock
 .text.NavSelectIsPressed
                0x08002058       0x14 src/nav.o
                0x08002058                NavSelectIsPressed
 .text.NavClearSelectIsPressed
                0x0800206c       0x18 src/nav.o
                0x0800206c                NavClearSelectIsPressed
 .text.LL_AHB1_GRP1_EnableClock
                0x08002084       0x30 src/rgb.o
 .text.LL_GPIO_SetPinMode
                0x080020b4       0x58 src/rgb.o
 .text.LL_GPIO_SetOutputPin
                0x0800210c       0x1a src/rgb.o
 .text.LL_GPIO_ResetOutputPin
                0x08002126       0x1a src/rgb.o
 .text.RgbInit  0x08002140       0x60 src/rgb.o
                0x08002140                RgbInit
 .text.RgbClock
                0x080021a0      0x18c src/rgb.o
                0x080021a0                RgbClock
 .text.RgbRedPwmSet
                0x0800232c       0x34 src/rgb.o
                0x0800232c                RgbRedPwmSet
 .text.RgbRedPwmGet
                0x08002360       0x14 src/rgb.o
                0x08002360                RgbRedPwmGet
 .text.RgbGrnPwmSet
                0x08002374       0x34 src/rgb.o
                0x08002374                RgbGrnPwmSet
 .text.RgbGrnPwmGet
                0x080023a8       0x14 src/rgb.o
                0x080023a8                RgbGrnPwmGet
 .text.RgbBluPwmSet
                0x080023bc       0x34 src/rgb.o
                0x080023bc                RgbBluPwmSet
 .text.LL_AHB1_GRP1_EnableClock
                0x080023f0       0x30 src/spi.o
 .text.LL_GPIO_SetPinMode
                0x08002420       0x58 src/spi.o
 .text.LL_GPIO_SetOutputPin
                0x08002478       0x1a src/spi.o
 .text.LL_GPIO_ResetOutputPin
                0x08002492       0x1a src/spi.o
 .text.SpiInit  0x080024ac       0x7c src/spi.o
                0x080024ac                SpiInit
 .text.SpiCmdWrite
                0x08002528       0x74 src/spi.o
                0x08002528                SpiCmdWrite
 .text.SpiDataWrite
                0x0800259c       0x74 src/spi.o
                0x0800259c                SpiDataWrite
 .text.SpiResetAssert
                0x08002610       0x14 src/spi.o
                0x08002610                SpiResetAssert
 .text.SpiResetDeassert
                0x08002624       0x14 src/spi.o
                0x08002624                SpiResetDeassert
 .text.SysTick_Handler
                0x08002638       0x10 src/stm32l1xx_it.o
                0x08002638                SysTick_Handler
 .text.SystemInit
                0x08002648       0x68 src/system_stm32l1xx.o
                0x08002648                SystemInit
 .text.NVIC_EnableIRQ
                0x080026b0       0x30 src/uart.o
 .text.NVIC_SetPriority
                0x080026e0       0x54 src/uart.o
 .text.LL_AHB1_GRP1_EnableClock
                0x08002734       0x30 src/uart.o
 .text.LL_APB1_GRP1_EnableClock
                0x08002764       0x30 src/uart.o
 .text.LL_GPIO_SetPinMode
                0x08002794       0x58 src/uart.o
 .text.LL_GPIO_SetPinOutputType
                0x080027ec       0x2e src/uart.o
 .text.LL_GPIO_SetPinSpeed
                0x0800281a       0x58 src/uart.o
 .text.LL_GPIO_SetPinPull
                0x08002872       0x58 src/uart.o
 .text.LL_GPIO_SetAFPin_0_7
                0x080028ca       0x58 src/uart.o
 .text.LL_USART_Enable
                0x08002922       0x1e src/uart.o
 .text.LL_USART_SetTransferDirection
                0x08002940       0x24 src/uart.o
 .text.LL_USART_ConfigCharacter
                0x08002964       0x3c src/uart.o
 .text.LL_USART_SetBaudRate
                0x080029a0      0x16c src/uart.o
 .text.LL_USART_IsActiveFlag_RXNE
                0x08002b0c       0x24 src/uart.o
 .text.LL_USART_IsActiveFlag_TXE
                0x08002b30       0x24 src/uart.o
 .text.LL_USART_EnableIT_RXNE
                0x08002b54       0x1e src/uart.o
 .text.LL_USART_DisableIT_TXE
                0x08002b72       0x1e src/uart.o
 .text.LL_USART_ReceiveData8
                0x08002b90       0x18 src/uart.o
 .text.LL_USART_TransmitData8
                0x08002ba8       0x1c src/uart.o
 .text.UartInit
                0x08002bc4       0xd8 src/uart.o
                0x08002bc4                UartInit
 .text.USART2_IRQHandler
                0x08002c9c       0xd4 src/uart.o
                0x08002c9c                USART2_IRQHandler
 .text.Reset_Handler
                0x08002d70       0x48 startup/startup_stm32l152xe.o
                0x08002d70                Reset_Handler
 .text.Default_Handler
                0x08002db8        0x2 startup/startup_stm32l152xe.o
                0x08002db8                RTC_Alarm_IRQHandler
                0x08002db8                EXTI2_IRQHandler
                0x08002db8                COMP_ACQ_IRQHandler
                0x08002db8                DebugMon_Handler
                0x08002db8                HardFault_Handler
                0x08002db8                TIM10_IRQHandler
                0x08002db8                USB_HP_IRQHandler
                0x08002db8                TIM6_IRQHandler
                0x08002db8                PVD_IRQHandler
                0x08002db8                PendSV_Handler
                0x08002db8                NMI_Handler
                0x08002db8                EXTI3_IRQHandler
                0x08002db8                EXTI0_IRQHandler
                0x08002db8                I2C2_EV_IRQHandler
                0x08002db8                UsageFault_Handler
                0x08002db8                SPI1_IRQHandler
                0x08002db8                USB_FS_WKUP_IRQHandler
                0x08002db8                DMA2_Channel2_IRQHandler
                0x08002db8                DMA1_Channel4_IRQHandler
                0x08002db8                ADC1_IRQHandler
                0x08002db8                USART3_IRQHandler
                0x08002db8                DMA1_Channel7_IRQHandler
                0x08002db8                LCD_IRQHandler
                0x08002db8                UART5_IRQHandler
                0x08002db8                TIM4_IRQHandler
                0x08002db8                DMA2_Channel1_IRQHandler
                0x08002db8                I2C1_EV_IRQHandler
                0x08002db8                DMA1_Channel6_IRQHandler
                0x08002db8                UART4_IRQHandler
                0x08002db8                DMA2_Channel4_IRQHandler
                0x08002db8                TIM3_IRQHandler
                0x08002db8                RCC_IRQHandler
                0x08002db8                DMA1_Channel1_IRQHandler
                0x08002db8                Default_Handler
                0x08002db8                EXTI15_10_IRQHandler
                0x08002db8                TIM7_IRQHandler
                0x08002db8                TIM5_IRQHandler
                0x08002db8                EXTI9_5_IRQHandler
                0x08002db8                TIM9_IRQHandler
                0x08002db8                TAMPER_STAMP_IRQHandler
                0x08002db8                RTC_WKUP_IRQHandler
                0x08002db8                SPI2_IRQHandler
                0x08002db8                MemManage_Handler
                0x08002db8                SVC_Handler
                0x08002db8                DMA2_Channel5_IRQHandler
                0x08002db8                DMA1_Channel5_IRQHandler
                0x08002db8                USB_LP_IRQHandler
                0x08002db8                EXTI4_IRQHandler
                0x08002db8                DMA1_Channel3_IRQHandler
                0x08002db8                COMP_IRQHandler
                0x08002db8                WWDG_IRQHandler
                0x08002db8                TIM2_IRQHandler
                0x08002db8                DAC_IRQHandler
                0x08002db8                EXTI1_IRQHandler
                0x08002db8                TIM11_IRQHandler
                0x08002db8                I2C2_ER_IRQHandler
                0x08002db8                DMA1_Channel2_IRQHandler
                0x08002db8                FLASH_IRQHandler
                0x08002db8                BusFault_Handler
                0x08002db8                USART1_IRQHandler
                0x08002db8                SPI3_IRQHandler
                0x08002db8                I2C1_ER_IRQHandler
                0x08002db8                DMA2_Channel3_IRQHandler
 *fill*         0x08002dba        0x2 
 .text.HAL_IncTick
                0x08002dbc       0x1c C:\Users\Braya\workspace\nucleo-l152re_hal_lib\Debug\libnucleo-l152re_hal_lib.a(stm32l1xx_hal.o)
                0x08002dbc                HAL_IncTick
 .text.HAL_SYSTICK_IRQHandler
                0x08002dd8        0xc C:\Users\Braya\workspace\nucleo-l152re_hal_lib\Debug\libnucleo-l152re_hal_lib.a(stm32l1xx_hal_cortex.o)
                0x08002dd8                HAL_SYSTICK_IRQHandler
 .text.HAL_SYSTICK_Callback
                0x08002de4        0xc C:\Users\Braya\workspace\nucleo-l152re_hal_lib\Debug\libnucleo-l152re_hal_lib.a(stm32l1xx_hal_cortex.o)
                0x08002de4                HAL_SYSTICK_Callback
 .text.LL_InitTick
                0x08002df0       0x34 C:\Users\Braya\workspace\nucleo-l152re_hal_lib\Debug\libnucleo-l152re_hal_lib.a(stm32l1xx_ll_utils.o)
 .text.LL_Init1msTick
                0x08002e24       0x1a C:\Users\Braya\workspace\nucleo-l152re_hal_lib\Debug\libnucleo-l152re_hal_lib.a(stm32l1xx_ll_utils.o)
                0x08002e24                LL_Init1msTick
 *fill*         0x08002e3e        0x2 
 .text.LL_SetSystemCoreClock
                0x08002e40       0x1c C:\Users\Braya\workspace\nucleo-l152re_hal_lib\Debug\libnucleo-l152re_hal_lib.a(stm32l1xx_ll_utils.o)
                0x08002e40                LL_SetSystemCoreClock
 .text.__libc_init_array
                0x08002e5c       0x48 c:/ac6/systemworkbench/plugins/fr.ac6.mcu.externaltools.arm-none.win32_1.17.0.201812190825/tools/compiler/bin/../lib/gcc/arm-none-eabi/7.3.1/../../../../arm-none-eabi/lib/thumb/v7-m\libc.a(lib_a-init.o)
                0x08002e5c                __libc_init_array
 .text.strlen   0x08002ea4       0x5c c:/ac6/systemworkbench/plugins/fr.ac6.mcu.externaltools.arm-none.win32_1.17.0.201812190825/tools/compiler/bin/../lib/gcc/arm-none-eabi/7.3.1/../../../../arm-none-eabi/lib/thumb/v7-m\libc.a(lib_a-strlen-stub.o)
                0x08002ea4                strlen
 .text.startup.register_fini
                0x08002f00       0x14 c:/ac6/systemworkbench/plugins/fr.ac6.mcu.externaltools.arm-none.win32_1.17.0.201812190825/tools/compiler/bin/../lib/gcc/arm-none-eabi/7.3.1/../../../../arm-none-eabi/lib/thumb/v7-m\libc.a(lib_a-__call_atexit.o)
 .text.atexit   0x08002f14        0xc c:/ac6/systemworkbench/plugins/fr.ac6.mcu.externaltools.arm-none.win32_1.17.0.201812190825/tools/compiler/bin/../lib/gcc/arm-none-eabi/7.3.1/../../../../arm-none-eabi/lib/thumb/v7-m\libc.a(lib_a-atexit.o)
                0x08002f14                atexit
 .text.__libc_fini_array
                0x08002f20       0x34 c:/ac6/systemworkbench/plugins/fr.ac6.mcu.externaltools.arm-none.win32_1.17.0.201812190825/tools/compiler/bin/../lib/gcc/arm-none-eabi/7.3.1/../../../../arm-none-eabi/lib/thumb/v7-m\libc.a(lib_a-fini.o)
                0x08002f20                __libc_fini_array
 .text.__retarget_lock_acquire_recursive
                0x08002f54        0x4 c:/ac6/systemworkbench/plugins/fr.ac6.mcu.externaltools.arm-none.win32_1.17.0.201812190825/tools/compiler/bin/../lib/gcc/arm-none-eabi/7.3.1/../../../../arm-none-eabi/lib/thumb/v7-m\libc.a(lib_a-lock.o)
                0x08002f54                __retarget_lock_acquire_recursive
 .text.__retarget_lock_release_recursive
                0x08002f58        0x4 c:/ac6/systemworkbench/plugins/fr.ac6.mcu.externaltools.arm-none.win32_1.17.0.201812190825/tools/compiler/bin/../lib/gcc/arm-none-eabi/7.3.1/../../../../arm-none-eabi/lib/thumb/v7-m\libc.a(lib_a-lock.o)
                0x08002f58                __retarget_lock_release_recursive
 .text.__register_exitproc
                0x08002f5c       0xc0 c:/ac6/systemworkbench/plugins/fr.ac6.mcu.externaltools.arm-none.win32_1.17.0.201812190825/tools/compiler/bin/../lib/gcc/arm-none-eabi/7.3.1/../../../../arm-none-eabi/lib/thumb/v7-m\libc.a(lib_a-__atexit.o)
                0x08002f5c                __register_exitproc
 *(.glue_7)
 .glue_7        0x0800301c        0x0 linker stubs
 *(.glue_7t)
 .glue_7t       0x0800301c        0x0 linker stubs
 *(.eh_frame)
 .eh_frame      0x0800301c        0x0 c:/ac6/systemworkbench/plugins/fr.ac6.mcu.externaltools.arm-none.win32_1.17.0.201812190825/tools/compiler/bin/../lib/gcc/arm-none-eabi/7.3.1/thumb/v7-m/crtbegin.o
 *(.init)
 .init          0x0800301c        0x4 c:/ac6/systemworkbench/plugins/fr.ac6.mcu.externaltools.arm-none.win32_1.17.0.201812190825/tools/compiler/bin/../lib/gcc/arm-none-eabi/7.3.1/thumb/v7-m/crti.o
                0x0800301c                _init
 .init          0x08003020        0x8 c:/ac6/systemworkbench/plugins/fr.ac6.mcu.externaltools.arm-none.win32_1.17.0.201812190825/tools/compiler/bin/../lib/gcc/arm-none-eabi/7.3.1/thumb/v7-m/crtn.o
 *(.fini)
 .fini          0x08003028        0x4 c:/ac6/systemworkbench/plugins/fr.ac6.mcu.externaltools.arm-none.win32_1.17.0.201812190825/tools/compiler/bin/../lib/gcc/arm-none-eabi/7.3.1/thumb/v7-m/crti.o
                0x08003028                _fini
 .fini          0x0800302c        0x8 c:/ac6/systemworkbench/plugins/fr.ac6.mcu.externaltools.arm-none.win32_1.17.0.201812190825/tools/compiler/bin/../lib/gcc/arm-none-eabi/7.3.1/thumb/v7-m/crtn.o
                0x08003034                . = ALIGN (0x4)
                0x08003034                _etext = .

.vfp11_veneer   0x08003034        0x0
 .vfp11_veneer  0x08003034        0x0 linker stubs

.v4_bx          0x08003034        0x0
 .v4_bx         0x08003034        0x0 linker stubs

.iplt           0x08003034        0x0
 .iplt          0x08003034        0x0 c:/ac6/systemworkbench/plugins/fr.ac6.mcu.externaltools.arm-none.win32_1.17.0.201812190825/tools/compiler/bin/../lib/gcc/arm-none-eabi/7.3.1/thumb/v7-m/crtbegin.o

.rodata         0x08003034      0x480
                0x08003034                . = ALIGN (0x4)
 *(.rodata)
 .rodata        0x08003034       0xb4 src/accel.o
 .rodata        0x080030e8       0x9d src/gobbler.o
 *fill*         0x08003185        0x3 
 .rodata        0x08003188      0x328 src/lcd.o
 *(.rodata*)
 .rodata._global_impure_ptr
                0x080034b0        0x4 c:/ac6/systemworkbench/plugins/fr.ac6.mcu.externaltools.arm-none.win32_1.17.0.201812190825/tools/compiler/bin/../lib/gcc/arm-none-eabi/7.3.1/../../../../arm-none-eabi/lib/thumb/v7-m\libc.a(lib_a-impure.o)
                0x080034b0                _global_impure_ptr
                0x080034b4                . = ALIGN (0x4)

.rel.dyn        0x080034b4        0x0
 .rel.iplt      0x080034b4        0x0 c:/ac6/systemworkbench/plugins/fr.ac6.mcu.externaltools.arm-none.win32_1.17.0.201812190825/tools/compiler/bin/../lib/gcc/arm-none-eabi/7.3.1/thumb/v7-m/crtbegin.o

.ARM.extab
 *(.ARM.extab* .gnu.linkonce.armextab.*)

.ARM            0x080034b4        0x0
                0x080034b4                __exidx_start = .
 *(.ARM.exidx*)
                0x080034b4                __exidx_end = .

.preinit_array  0x080034b4        0x0
                0x080034b4                PROVIDE (__preinit_array_start = .)
 *(.preinit_array*)
                0x080034b4                PROVIDE (__preinit_array_end = .)

.init_array     0x080034b4        0x8
                0x080034b4                PROVIDE (__init_array_start = .)
 *(SORT_BY_NAME(.init_array.*))
 .init_array.00000
                0x080034b4        0x4 c:/ac6/systemworkbench/plugins/fr.ac6.mcu.externaltools.arm-none.win32_1.17.0.201812190825/tools/compiler/bin/../lib/gcc/arm-none-eabi/7.3.1/../../../../arm-none-eabi/lib/thumb/v7-m\libc.a(lib_a-__call_atexit.o)
 *(.init_array*)
 .init_array    0x080034b8        0x4 c:/ac6/systemworkbench/plugins/fr.ac6.mcu.externaltools.arm-none.win32_1.17.0.201812190825/tools/compiler/bin/../lib/gcc/arm-none-eabi/7.3.1/thumb/v7-m/crtbegin.o
                0x080034bc                PROVIDE (__init_array_end = .)

.fini_array     0x080034bc        0x4
                0x080034bc                PROVIDE (__fini_array_start = .)
 *(SORT_BY_NAME(.fini_array.*))
 *(.fini_array*)
 .fini_array    0x080034bc        0x4 c:/ac6/systemworkbench/plugins/fr.ac6.mcu.externaltools.arm-none.win32_1.17.0.201812190825/tools/compiler/bin/../lib/gcc/arm-none-eabi/7.3.1/thumb/v7-m/crtbegin.o
                0x080034c0                PROVIDE (__fini_array_end = .)
                0x080034c0                _sidata = LOADADDR (.data)

.data           0x20000000      0x444 load address 0x080034c0
                0x20000000                . = ALIGN (0x4)
                0x20000000                _sdata = .
 *(.data)
 .data          0x20000000       0x10 src/lcd.o
 .data          0x20000010        0x4 src/system_stm32l1xx.o
                0x20000010                SystemCoreClock
 *(.data*)
 *fill*         0x20000014        0x4 
 .data.impure_data
                0x20000018      0x428 c:/ac6/systemworkbench/plugins/fr.ac6.mcu.externaltools.arm-none.win32_1.17.0.201812190825/tools/compiler/bin/../lib/gcc/arm-none-eabi/7.3.1/../../../../arm-none-eabi/lib/thumb/v7-m\libc.a(lib_a-impure.o)
 .data.__atexit_recursive_mutex
                0x20000440        0x4 c:/ac6/systemworkbench/plugins/fr.ac6.mcu.externaltools.arm-none.win32_1.17.0.201812190825/tools/compiler/bin/../lib/gcc/arm-none-eabi/7.3.1/../../../../arm-none-eabi/lib/thumb/v7-m\libc.a(lib_a-__call_atexit.o)
                0x20000440                __atexit_recursive_mutex
 *(.RamFunc)
                0x20000444                . = ALIGN (0x4)
                0x20000444                _edata = .

.igot.plt       0x20000444        0x0 load address 0x08003904
 .igot.plt      0x20000444        0x0 c:/ac6/systemworkbench/plugins/fr.ac6.mcu.externaltools.arm-none.win32_1.17.0.201812190825/tools/compiler/bin/../lib/gcc/arm-none-eabi/7.3.1/thumb/v7-m/crtbegin.o
                0x20000444                . = ALIGN (0x4)

.bss            0x20000444      0xaf0 load address 0x08003904
                0x20000444                _sbss = .
                0x20000444                __bss_start__ = _sbss
 *(.bss)
 .bss           0x20000444       0x1c c:/ac6/systemworkbench/plugins/fr.ac6.mcu.externaltools.arm-none.win32_1.17.0.201812190825/tools/compiler/bin/../lib/gcc/arm-none-eabi/7.3.1/thumb/v7-m/crtbegin.o
 .bss           0x20000460       0x20 src/gobbler.o
 .bss           0x20000480      0x21c src/lcd.o
 .bss           0x2000069c       0x3c src/nav.o
 .bss           0x200006d8       0x24 src/rgb.o
 .bss           0x200006fc      0x810 src/uart.o
 *(.bss*)
 *(COMMON)
 COMMON         0x20000f0c        0x4 C:\Users\Braya\workspace\nucleo-l152re_hal_lib\Debug\libnucleo-l152re_hal_lib.a(stm32l1xx_hal.o)
                0x20000f0c                uwTick
 COMMON         0x20000f10       0x21 c:/ac6/systemworkbench/plugins/fr.ac6.mcu.externaltools.arm-none.win32_1.17.0.201812190825/tools/compiler/bin/../lib/gcc/arm-none-eabi/7.3.1/../../../../arm-none-eabi/lib/thumb/v7-m\libc.a(lib_a-lock.o)
                0x20000f10                __lock___atexit_recursive_mutex
                0x20000f14                __lock___arc4random_mutex
                0x20000f18                __lock___env_recursive_mutex
                0x20000f1c                __lock___sinit_recursive_mutex
                0x20000f20                __lock___malloc_recursive_mutex
                0x20000f24                __lock___at_quick_exit_mutex
                0x20000f28                __lock___dd_hash_mutex
                0x20000f2c                __lock___tz_mutex
                0x20000f30                __lock___sfp_recursive_mutex
                0x20000f34                . = ALIGN (0x4)
 *fill*         0x20000f31        0x3 
                0x20000f34                _ebss = .
                0x20000f34                __bss_end__ = _ebss

._user_heap_stack
                0x20000f34      0x604 load address 0x08003904
                0x20000f38                . = ALIGN (0x8)
 *fill*         0x20000f34        0x4 
                0x20000f38                PROVIDE (end = .)
                [!provide]                PROVIDE (_end = .)
                0x20001138                . = (. + _Min_Heap_Size)
 *fill*         0x20000f38      0x200 
                0x20001538                . = (. + _Min_Stack_Size)
 *fill*         0x20001138      0x400 
                0x20001538                . = ALIGN (0x8)

.memory_b1_text
 *(.mb1text)
 *(.mb1text*)
 *(.mb1rodata)
 *(.mb1rodata*)

/DISCARD/
 libc.a(*)
 libm.a(*)
 libgcc.a(*)

.ARM.attributes
                0x00000000       0x29
 *(.ARM.attributes)
 .ARM.attributes
                0x00000000       0x1d c:/ac6/systemworkbench/plugins/fr.ac6.mcu.externaltools.arm-none.win32_1.17.0.201812190825/tools/compiler/bin/../lib/gcc/arm-none-eabi/7.3.1/thumb/v7-m/crti.o
 .ARM.attributes
                0x0000001d       0x2d c:/ac6/systemworkbench/plugins/fr.ac6.mcu.externaltools.arm-none.win32_1.17.0.201812190825/tools/compiler/bin/../lib/gcc/arm-none-eabi/7.3.1/thumb/v7-m/crtbegin.o
 .ARM.attributes
                0x0000004a       0x33 src/accel.o
 .ARM.attributes
                0x0000007d       0x33 src/clock.o
 .ARM.attributes
                0x000000b0       0x33 src/dbg.o
 .ARM.attributes
                0x000000e3       0x33 src/gobbler.o
 .ARM.attributes
                0x00000116       0x33 src/i2c.o
 .ARM.attributes
                0x00000149       0x33 src/lcd.o
 .ARM.attributes
                0x0000017c       0x33 src/main.o
 .ARM.attributes
                0x000001af       0x33 src/nav.o
 .ARM.attributes
                0x000001e2       0x33 src/rgb.o
 .ARM.attributes
                0x00000215       0x33 src/spi.o
 .ARM.attributes
                0x00000248       0x33 src/stm32l1xx_it.o
 .ARM.attributes
                0x0000027b       0x33 src/system_stm32l1xx.o
 .ARM.attributes
                0x000002ae       0x33 src/uart.o
 .ARM.attributes
                0x000002e1       0x21 startup/startup_stm32l152xe.o
 .ARM.attributes
                0x00000302       0x33 C:\Users\Braya\workspace\nucleo-l152re_hal_lib\Debug\libnucleo-l152re_hal_lib.a(stm32l1xx_hal.o)
 .ARM.attributes
                0x00000335       0x33 C:\Users\Braya\workspace\nucleo-l152re_hal_lib\Debug\libnucleo-l152re_hal_lib.a(stm32l1xx_hal_cortex.o)
 .ARM.attributes
                0x00000368       0x33 C:\Users\Braya\workspace\nucleo-l152re_hal_lib\Debug\libnucleo-l152re_hal_lib.a(stm32l1xx_ll_utils.o)
 .ARM.attributes
                0x0000039b       0x2d c:/ac6/systemworkbench/plugins/fr.ac6.mcu.externaltools.arm-none.win32_1.17.0.201812190825/tools/compiler/bin/../lib/gcc/arm-none-eabi/7.3.1/../../../../arm-none-eabi/lib/thumb/v7-m\libc.a(lib_a-impure.o)
 .ARM.attributes
                0x000003c8       0x2d c:/ac6/systemworkbench/plugins/fr.ac6.mcu.externaltools.arm-none.win32_1.17.0.201812190825/tools/compiler/bin/../lib/gcc/arm-none-eabi/7.3.1/../../../../arm-none-eabi/lib/thumb/v7-m\libc.a(lib_a-init.o)
 .ARM.attributes
                0x000003f5       0x2d c:/ac6/systemworkbench/plugins/fr.ac6.mcu.externaltools.arm-none.win32_1.17.0.201812190825/tools/compiler/bin/../lib/gcc/arm-none-eabi/7.3.1/../../../../arm-none-eabi/lib/thumb/v7-m\libc.a(lib_a-strlen-stub.o)
 .ARM.attributes
                0x00000422       0x2d c:/ac6/systemworkbench/plugins/fr.ac6.mcu.externaltools.arm-none.win32_1.17.0.201812190825/tools/compiler/bin/../lib/gcc/arm-none-eabi/7.3.1/../../../../arm-none-eabi/lib/thumb/v7-m\libc.a(lib_a-__call_atexit.o)
 .ARM.attributes
                0x0000044f       0x2d c:/ac6/systemworkbench/plugins/fr.ac6.mcu.externaltools.arm-none.win32_1.17.0.201812190825/tools/compiler/bin/../lib/gcc/arm-none-eabi/7.3.1/../../../../arm-none-eabi/lib/thumb/v7-m\libc.a(lib_a-atexit.o)
 .ARM.attributes
                0x0000047c       0x2d c:/ac6/systemworkbench/plugins/fr.ac6.mcu.externaltools.arm-none.win32_1.17.0.201812190825/tools/compiler/bin/../lib/gcc/arm-none-eabi/7.3.1/../../../../arm-none-eabi/lib/thumb/v7-m\libc.a(lib_a-fini.o)
 .ARM.attributes
                0x000004a9       0x2d c:/ac6/systemworkbench/plugins/fr.ac6.mcu.externaltools.arm-none.win32_1.17.0.201812190825/tools/compiler/bin/../lib/gcc/arm-none-eabi/7.3.1/../../../../arm-none-eabi/lib/thumb/v7-m\libc.a(lib_a-lock.o)
 .ARM.attributes
                0x000004d6       0x2d c:/ac6/systemworkbench/plugins/fr.ac6.mcu.externaltools.arm-none.win32_1.17.0.201812190825/tools/compiler/bin/../lib/gcc/arm-none-eabi/7.3.1/../../../../arm-none-eabi/lib/thumb/v7-m\libc.a(lib_a-__atexit.o)
 .ARM.attributes
                0x00000503       0x1d c:/ac6/systemworkbench/plugins/fr.ac6.mcu.externaltools.arm-none.win32_1.17.0.201812190825/tools/compiler/bin/../lib/gcc/arm-none-eabi/7.3.1/thumb/v7-m/crtn.o
OUTPUT(Session26.elf elf32-littlearm)

.debug_info     0x00000000     0xe497
 .debug_info    0x00000000      0xae2 src/accel.o
 .debug_info    0x00000ae2      0xd81 src/clock.o
 .debug_info    0x00001863      0xc1b src/dbg.o
 .debug_info    0x0000247e      0xa9c src/gobbler.o
 .debug_info    0x00002f1a     0x1245 src/i2c.o
 .debug_info    0x0000415f      0xdc4 src/lcd.o
 .debug_info    0x00004f23      0xa8f src/main.o
 .debug_info    0x000059b2      0xe07 src/nav.o
 .debug_info    0x000067b9      0xdaa src/rgb.o
 .debug_info    0x00007563      0xcec src/spi.o
 .debug_info    0x0000824f      0x96d src/stm32l1xx_it.o
 .debug_info    0x00008bbc      0xc71 src/system_stm32l1xx.o
 .debug_info    0x0000982d     0x16bd src/uart.o
 .debug_info    0x0000aeea       0x22 startup/startup_stm32l152xe.o
 .debug_info    0x0000af0c      0xf05 C:\Users\Braya\workspace\nucleo-l152re_hal_lib\Debug\libnucleo-l152re_hal_lib.a(stm32l1xx_hal.o)
 .debug_info    0x0000be11     0x157e C:\Users\Braya\workspace\nucleo-l152re_hal_lib\Debug\libnucleo-l152re_hal_lib.a(stm32l1xx_hal_cortex.o)
 .debug_info    0x0000d38f     0x1108 C:\Users\Braya\workspace\nucleo-l152re_hal_lib\Debug\libnucleo-l152re_hal_lib.a(stm32l1xx_ll_utils.o)

.debug_abbrev   0x00000000     0x2949
 .debug_abbrev  0x00000000      0x224 src/accel.o
 .debug_abbrev  0x00000224      0x252 src/clock.o
 .debug_abbrev  0x00000476      0x292 src/dbg.o
 .debug_abbrev  0x00000708      0x220 src/gobbler.o
 .debug_abbrev  0x00000928      0x2bd src/i2c.o
 .debug_abbrev  0x00000be5      0x263 src/lcd.o
 .debug_abbrev  0x00000e48      0x1ff src/main.o
 .debug_abbrev  0x00001047      0x2f8 src/nav.o
 .debug_abbrev  0x0000133f      0x2e0 src/rgb.o
 .debug_abbrev  0x0000161f      0x2bb src/spi.o
 .debug_abbrev  0x000018da      0x1b1 src/stm32l1xx_it.o
 .debug_abbrev  0x00001a8b      0x205 src/system_stm32l1xx.o
 .debug_abbrev  0x00001c90      0x353 src/uart.o
 .debug_abbrev  0x00001fe3       0x12 startup/startup_stm32l152xe.o
 .debug_abbrev  0x00001ff5      0x2a3 C:\Users\Braya\workspace\nucleo-l152re_hal_lib\Debug\libnucleo-l152re_hal_lib.a(stm32l1xx_hal.o)
 .debug_abbrev  0x00002298      0x36b C:\Users\Braya\workspace\nucleo-l152re_hal_lib\Debug\libnucleo-l152re_hal_lib.a(stm32l1xx_hal_cortex.o)
 .debug_abbrev  0x00002603      0x346 C:\Users\Braya\workspace\nucleo-l152re_hal_lib\Debug\libnucleo-l152re_hal_lib.a(stm32l1xx_ll_utils.o)

.debug_aranges  0x00000000      0x818
 .debug_aranges
                0x00000000       0x30 src/accel.o
 .debug_aranges
                0x00000030       0xa0 src/clock.o
 .debug_aranges
                0x000000d0       0x38 src/dbg.o
 .debug_aranges
                0x00000108       0x38 src/gobbler.o
 .debug_aranges
                0x00000140       0xd0 src/i2c.o
 .debug_aranges
                0x00000210       0x58 src/lcd.o
 .debug_aranges
                0x00000268       0x30 src/main.o
 .debug_aranges
                0x00000298       0x90 src/nav.o
 .debug_aranges
                0x00000328       0x78 src/rgb.o
 .debug_aranges
                0x000003a0       0x60 src/spi.o
 .debug_aranges
                0x00000400       0x20 src/stm32l1xx_it.o
 .debug_aranges
                0x00000420       0x28 src/system_stm32l1xx.o
 .debug_aranges
                0x00000448       0xe8 src/uart.o
 .debug_aranges
                0x00000530       0x28 startup/startup_stm32l152xe.o
 .debug_aranges
                0x00000558       0xb0 C:\Users\Braya\workspace\nucleo-l152re_hal_lib\Debug\libnucleo-l152re_hal_lib.a(stm32l1xx_hal.o)
 .debug_aranges
                0x00000608      0x118 C:\Users\Braya\workspace\nucleo-l152re_hal_lib\Debug\libnucleo-l152re_hal_lib.a(stm32l1xx_hal_cortex.o)
 .debug_aranges
                0x00000720       0xf8 C:\Users\Braya\workspace\nucleo-l152re_hal_lib\Debug\libnucleo-l152re_hal_lib.a(stm32l1xx_ll_utils.o)

.debug_ranges   0x00000000      0x710
 .debug_ranges  0x00000000       0x20 src/accel.o
 .debug_ranges  0x00000020       0x90 src/clock.o
 .debug_ranges  0x000000b0       0x28 src/dbg.o
 .debug_ranges  0x000000d8       0x28 src/gobbler.o
 .debug_ranges  0x00000100       0xc0 src/i2c.o
 .debug_ranges  0x000001c0       0x48 src/lcd.o
 .debug_ranges  0x00000208       0x20 src/main.o
 .debug_ranges  0x00000228       0x80 src/nav.o
 .debug_ranges  0x000002a8       0x68 src/rgb.o
 .debug_ranges  0x00000310       0x50 src/spi.o
 .debug_ranges  0x00000360       0x10 src/stm32l1xx_it.o
 .debug_ranges  0x00000370       0x18 src/system_stm32l1xx.o
 .debug_ranges  0x00000388       0xd8 src/uart.o
 .debug_ranges  0x00000460       0x20 startup/startup_stm32l152xe.o
 .debug_ranges  0x00000480       0xa0 C:\Users\Braya\workspace\nucleo-l152re_hal_lib\Debug\libnucleo-l152re_hal_lib.a(stm32l1xx_hal.o)
 .debug_ranges  0x00000520      0x108 C:\Users\Braya\workspace\nucleo-l152re_hal_lib\Debug\libnucleo-l152re_hal_lib.a(stm32l1xx_hal_cortex.o)
 .debug_ranges  0x00000628       0xe8 C:\Users\Braya\workspace\nucleo-l152re_hal_lib\Debug\libnucleo-l152re_hal_lib.a(stm32l1xx_ll_utils.o)

.debug_macro    0x00000000    0x1f902
 .debug_macro   0x00000000      0x533 src/accel.o
 .debug_macro   0x00000533      0xa72 src/accel.o
 .debug_macro   0x00000fa5       0x22 src/accel.o
 .debug_macro   0x00000fc7       0x58 src/accel.o
 .debug_macro   0x0000101f       0x18 src/accel.o
 .debug_macro   0x00001037       0x94 src/accel.o
 .debug_macro   0x000010cb       0x35 src/accel.o
 .debug_macro   0x00001100       0x34 src/accel.o
 .debug_macro   0x00001134      0x174 src/accel.o
 .debug_macro   0x000012a8       0x57 src/accel.o
 .debug_macro   0x000012ff       0x58 src/accel.o
 .debug_macro   0x00001357       0x1f src/accel.o
 .debug_macro   0x00001376       0x43 src/accel.o
 .debug_macro   0x000013b9       0x20 src/accel.o
 .debug_macro   0x000013d9      0x18e src/accel.o
 .debug_macro   0x00001567      0x330 src/accel.o
 .debug_macro   0x00001897      0x1e1 src/accel.o
 .debug_macro   0x00001a78       0x10 src/accel.o
 .debug_macro   0x00001a88       0x28 src/accel.o
 .debug_macro   0x00001ab0       0x22 src/accel.o
 .debug_macro   0x00001ad2       0xef src/accel.o
 .debug_macro   0x00001bc1       0x6a src/accel.o
 .debug_macro   0x00001c2b      0x1df src/accel.o
 .debug_macro   0x00001e0a       0x34 src/accel.o
 .debug_macro   0x00001e3e       0x34 src/accel.o
 .debug_macro   0x00001e72      0xcb4 src/accel.o
 .debug_macro   0x00002b26     0xbeb6 src/accel.o
 .debug_macro   0x0000e9dc       0x43 src/accel.o
 .debug_macro   0x0000ea1f      0x106 src/accel.o
 .debug_macro   0x0000eb25     0x342b src/accel.o
 .debug_macro   0x00011f50       0x1c src/accel.o
 .debug_macro   0x00011f6c       0x35 src/accel.o
 .debug_macro   0x00011fa1       0x10 src/accel.o
 .debug_macro   0x00011fb1       0x10 src/accel.o
 .debug_macro   0x00011fc1       0x1c src/accel.o
 .debug_macro   0x00011fdd       0x52 src/accel.o
 .debug_macro   0x0001202f       0x40 src/accel.o
 .debug_macro   0x0001206f       0x10 src/accel.o
 .debug_macro   0x0001207f       0x40 src/accel.o
 .debug_macro   0x000120bf       0xd7 src/accel.o
 .debug_macro   0x00012196       0x1c src/accel.o
 .debug_macro   0x000121b2       0x3d src/accel.o
 .debug_macro   0x000121ef       0x16 src/accel.o
 .debug_macro   0x00012205      0x16f src/accel.o
 .debug_macro   0x00012374       0x56 src/accel.o
 .debug_macro   0x000123ca      0xe3e src/accel.o
 .debug_macro   0x00013208      0x363 src/accel.o
 .debug_macro   0x0001356b      0x141 src/accel.o
 .debug_macro   0x000136ac       0xc6 src/accel.o
 .debug_macro   0x00013772      0x25d src/accel.o
 .debug_macro   0x000139cf      0x23a src/accel.o
 .debug_macro   0x00013c09      0x685 src/accel.o
 .debug_macro   0x0001428e      0x16f src/accel.o
 .debug_macro   0x000143fd      0x1fb src/accel.o
 .debug_macro   0x000145f8       0xf0 src/accel.o
 .debug_macro   0x000146e8       0x22 src/accel.o
 .debug_macro   0x0001470a      0x117 src/accel.o
 .debug_macro   0x00014821       0xac src/accel.o
 .debug_macro   0x000148cd      0x113 src/accel.o
 .debug_macro   0x000149e0      0x56c src/accel.o
 .debug_macro   0x00014f4c      0x225 src/accel.o
 .debug_macro   0x00015171      0x199 src/accel.o
 .debug_macro   0x0001530a       0x79 src/accel.o
 .debug_macro   0x00015383      0x3d7 src/accel.o
 .debug_macro   0x0001575a      0x129 src/accel.o
 .debug_macro   0x00015883       0x30 src/accel.o
 .debug_macro   0x000158b3      0x1ed src/accel.o
 .debug_macro   0x00015aa0       0x22 src/accel.o
 .debug_macro   0x00015ac2      0x28e src/accel.o
 .debug_macro   0x00015d50      0x5d6 src/accel.o
 .debug_macro   0x00016326      0x1ed src/accel.o
 .debug_macro   0x00016513       0x1c src/accel.o
 .debug_macro   0x0001652f      0x757 src/accel.o
 .debug_macro   0x00016c86       0xac src/accel.o
 .debug_macro   0x00016d32      0x287 src/accel.o
 .debug_macro   0x00016fb9      0x233 src/accel.o
 .debug_macro   0x000171ec      0x1c3 src/accel.o
 .debug_macro   0x000173af      0x2f7 src/accel.o
 .debug_macro   0x000176a6       0x89 src/accel.o
 .debug_macro   0x0001772f      0x281 src/accel.o
 .debug_macro   0x000179b0      0x470 src/accel.o
 .debug_macro   0x00017e20      0x1a6 src/accel.o
 .debug_macro   0x00017fc6      0xd49 src/accel.o
 .debug_macro   0x00018d0f      0x12d src/accel.o
 .debug_macro   0x00018e3c      0x222 src/accel.o
 .debug_macro   0x0001905e      0x156 src/accel.o
 .debug_macro   0x000191b4      0x16d src/accel.o
 .debug_macro   0x00019321       0xd8 src/accel.o
 .debug_macro   0x000193f9      0x33a src/accel.o
 .debug_macro   0x00019733      0x48b src/accel.o
 .debug_macro   0x00019bbe      0x1b5 src/accel.o
 .debug_macro   0x00019d73       0x2a src/accel.o
 .debug_macro   0x00019d9d       0x10 src/accel.o
 .debug_macro   0x00019dad      0x494 src/clock.o
 .debug_macro   0x0001a241       0x8e src/clock.o
 .debug_macro   0x0001a2cf       0x51 src/clock.o
 .debug_macro   0x0001a320       0x5e src/clock.o
 .debug_macro   0x0001a37e       0x16 src/clock.o
 .debug_macro   0x0001a394       0x97 src/clock.o
 .debug_macro   0x0001a42b       0xfd src/clock.o
 .debug_macro   0x0001a528      0x127 src/clock.o
 .debug_macro   0x0001a64f      0x32c src/clock.o
 .debug_macro   0x0001a97b      0x48d src/dbg.o
 .debug_macro   0x0001ae08       0x1c src/dbg.o
 .debug_macro   0x0001ae24      0x56a src/gobbler.o
 .debug_macro   0x0001b38e       0x76 src/gobbler.o
 .debug_macro   0x0001b404       0x4c src/gobbler.o
 .debug_macro   0x0001b450      0x4a6 src/i2c.o
 .debug_macro   0x0001b8f6      0x51c src/lcd.o
 .debug_macro   0x0001be12      0x4e5 src/main.o
 .debug_macro   0x0001c2f7      0x50c src/nav.o
 .debug_macro   0x0001c803      0x4b1 src/rgb.o
 .debug_macro   0x0001ccb4      0x4ca src/spi.o
 .debug_macro   0x0001d17e      0x41d src/stm32l1xx_it.o
 .debug_macro   0x0001d59b      0x419 src/system_stm32l1xx.o
 .debug_macro   0x0001d9b4      0x49a src/uart.o
 .debug_macro   0x0001de4e      0x437 C:\Users\Braya\workspace\nucleo-l152re_hal_lib\Debug\libnucleo-l152re_hal_lib.a(stm32l1xx_hal.o)
 .debug_macro   0x0001e285      0xa5a C:\Users\Braya\workspace\nucleo-l152re_hal_lib\Debug\libnucleo-l152re_hal_lib.a(stm32l1xx_hal.o)
 .debug_macro   0x0001ecdf       0x2e C:\Users\Braya\workspace\nucleo-l152re_hal_lib\Debug\libnucleo-l152re_hal_lib.a(stm32l1xx_hal.o)
 .debug_macro   0x0001ed0d      0x413 C:\Users\Braya\workspace\nucleo-l152re_hal_lib\Debug\libnucleo-l152re_hal_lib.a(stm32l1xx_hal_cortex.o)
 .debug_macro   0x0001f120      0x4bc C:\Users\Braya\workspace\nucleo-l152re_hal_lib\Debug\libnucleo-l152re_hal_lib.a(stm32l1xx_ll_utils.o)
 .debug_macro   0x0001f5dc      0x326 C:\Users\Braya\workspace\nucleo-l152re_hal_lib\Debug\libnucleo-l152re_hal_lib.a(stm32l1xx_ll_utils.o)

.debug_line     0x00000000     0xc60e
 .debug_line    0x00000000      0xb9c src/accel.o
 .debug_line    0x00000b9c      0xcb7 src/clock.o
 .debug_line    0x00001853      0xb9a src/dbg.o
 .debug_line    0x000023ed      0xc80 src/gobbler.o
 .debug_line    0x0000306d      0xe59 src/i2c.o
 .debug_line    0x00003ec6      0xe0f src/lcd.o
 .debug_line    0x00004cd5      0xbe9 src/main.o
 .debug_line    0x000058be      0xcfb src/nav.o
 .debug_line    0x000065b9      0xcca src/rgb.o
 .debug_line    0x00007283      0xc4a src/spi.o
 .debug_line    0x00007ecd      0xa01 src/stm32l1xx_it.o
 .debug_line    0x000088ce      0x9ff src/system_stm32l1xx.o
 .debug_line    0x000092cd      0xdfc src/uart.o
 .debug_line    0x0000a0c9       0x7d startup/startup_stm32l152xe.o
 .debug_line    0x0000a146      0xb2c C:\Users\Braya\workspace\nucleo-l152re_hal_lib\Debug\libnucleo-l152re_hal_lib.a(stm32l1xx_hal.o)
 .debug_line    0x0000ac72      0xce4 C:\Users\Braya\workspace\nucleo-l152re_hal_lib\Debug\libnucleo-l152re_hal_lib.a(stm32l1xx_hal_cortex.o)
 .debug_line    0x0000b956      0xcb8 C:\Users\Braya\workspace\nucleo-l152re_hal_lib\Debug\libnucleo-l152re_hal_lib.a(stm32l1xx_ll_utils.o)

.debug_str      0x00000000    0xbad67
 .debug_str     0x00000000    0xb77c0 src/accel.o
                              0xb8050 (size before relaxing)
 .debug_str     0x000b77c0      0x264 src/clock.o
                              0xb776b (size before relaxing)
 .debug_str     0x000b7a24      0x14a src/dbg.o
                              0xb76d7 (size before relaxing)
 .debug_str     0x000b7b6e      0x87f src/gobbler.o
                              0xb7dcd (size before relaxing)
 .debug_str     0x000b83ed      0x2f8 src/i2c.o
                              0xb793b (size before relaxing)
 .debug_str     0x000b86e5      0x43e src/lcd.o
                              0xb7bce (size before relaxing)
 .debug_str     0x000b8b23       0x3d src/main.o
                              0xb7aab (size before relaxing)
 .debug_str     0x000b8b60      0x3ff src/nav.o
                              0xb7a53 (size before relaxing)
 .debug_str     0x000b8f5f      0x120 src/rgb.o
                              0xb798b (size before relaxing)
 .debug_str     0x000b907f      0x28b src/spi.o
                              0xb78c5 (size before relaxing)
 .debug_str     0x000b930a       0x38 src/stm32l1xx_it.o
                              0xa61b4 (size before relaxing)
 .debug_str     0x000b9342       0xd0 src/system_stm32l1xx.o
                              0xa62b1 (size before relaxing)
 .debug_str     0x000b9412      0x626 src/uart.o
                              0xb7d63 (size before relaxing)
 .debug_str     0x000b9a38       0x2f startup/startup_stm32l152xe.o
                                 0x58 (size before relaxing)
 .debug_str     0x000b9a67      0x2d9 C:\Users\Braya\workspace\nucleo-l152re_hal_lib\Debug\libnucleo-l152re_hal_lib.a(stm32l1xx_hal.o)
                              0xa68ea (size before relaxing)
 .debug_str     0x000b9d40      0x364 C:\Users\Braya\workspace\nucleo-l152re_hal_lib\Debug\libnucleo-l152re_hal_lib.a(stm32l1xx_hal_cortex.o)
                              0xa6a28 (size before relaxing)
 .debug_str     0x000ba0a4      0xcc3 C:\Users\Braya\workspace\nucleo-l152re_hal_lib\Debug\libnucleo-l152re_hal_lib.a(stm32l1xx_ll_utils.o)
                              0xaa41a (size before relaxing)

.comment        0x00000000       0x7f
 .comment       0x00000000       0x7f src/accel.o
                                 0x80 (size before relaxing)
 .comment       0x0000007f       0x80 src/clock.o
 .comment       0x0000007f       0x80 src/dbg.o
 .comment       0x0000007f       0x80 src/gobbler.o
 .comment       0x0000007f       0x80 src/i2c.o
 .comment       0x0000007f       0x80 src/lcd.o
 .comment       0x0000007f       0x80 src/main.o
 .comment       0x0000007f       0x80 src/nav.o
 .comment       0x0000007f       0x80 src/rgb.o
 .comment       0x0000007f       0x80 src/spi.o
 .comment       0x0000007f       0x80 src/stm32l1xx_it.o
 .comment       0x0000007f       0x80 src/system_stm32l1xx.o
 .comment       0x0000007f       0x80 src/uart.o
 .comment       0x0000007f       0x80 C:\Users\Braya\workspace\nucleo-l152re_hal_lib\Debug\libnucleo-l152re_hal_lib.a(stm32l1xx_hal.o)
 .comment       0x0000007f       0x80 C:\Users\Braya\workspace\nucleo-l152re_hal_lib\Debug\libnucleo-l152re_hal_lib.a(stm32l1xx_hal_cortex.o)
 .comment       0x0000007f       0x80 C:\Users\Braya\workspace\nucleo-l152re_hal_lib\Debug\libnucleo-l152re_hal_lib.a(stm32l1xx_ll_utils.o)

.debug_frame    0x00000000     0x1ff8
 .debug_frame   0x00000000       0x80 src/accel.o
 .debug_frame   0x00000080      0x26c src/clock.o
 .debug_frame   0x000002ec       0xa4 src/dbg.o
 .debug_frame   0x00000390       0x9c src/gobbler.o
 .debug_frame   0x0000042c      0x3a4 src/i2c.o
 .debug_frame   0x000007d0      0x140 src/lcd.o
 .debug_frame   0x00000910       0x7c src/main.o
 .debug_frame   0x0000098c      0x200 src/nav.o
 .debug_frame   0x00000b8c      0x1c0 src/rgb.o
 .debug_frame   0x00000d4c      0x14c src/spi.o
 .debug_frame   0x00000e98       0x2c src/stm32l1xx_it.o
 .debug_frame   0x00000ec4       0x58 src/system_stm32l1xx.o
 .debug_frame   0x00000f1c      0x3fc src/uart.o
 .debug_frame   0x00001318      0x270 C:\Users\Braya\workspace\nucleo-l152re_hal_lib\Debug\libnucleo-l152re_hal_lib.a(stm32l1xx_hal.o)
 .debug_frame   0x00001588      0x498 C:\Users\Braya\workspace\nucleo-l152re_hal_lib\Debug\libnucleo-l152re_hal_lib.a(stm32l1xx_hal_cortex.o)
 .debug_frame   0x00001a20      0x3f8 C:\Users\Braya\workspace\nucleo-l152re_hal_lib\Debug\libnucleo-l152re_hal_lib.a(stm32l1xx_ll_utils.o)
 .debug_frame   0x00001e18       0x2c c:/ac6/systemworkbench/plugins/fr.ac6.mcu.externaltools.arm-none.win32_1.17.0.201812190825/tools/compiler/bin/../lib/gcc/arm-none-eabi/7.3.1/../../../../arm-none-eabi/lib/thumb/v7-m\libc.a(lib_a-init.o)
 .debug_frame   0x00001e44       0x20 c:/ac6/systemworkbench/plugins/fr.ac6.mcu.externaltools.arm-none.win32_1.17.0.201812190825/tools/compiler/bin/../lib/gcc/arm-none-eabi/7.3.1/../../../../arm-none-eabi/lib/thumb/v7-m\libc.a(lib_a-strlen-stub.o)
 .debug_frame   0x00001e64       0x5c c:/ac6/systemworkbench/plugins/fr.ac6.mcu.externaltools.arm-none.win32_1.17.0.201812190825/tools/compiler/bin/../lib/gcc/arm-none-eabi/7.3.1/../../../../arm-none-eabi/lib/thumb/v7-m\libc.a(lib_a-__call_atexit.o)
 .debug_frame   0x00001ec0       0x20 c:/ac6/systemworkbench/plugins/fr.ac6.mcu.externaltools.arm-none.win32_1.17.0.201812190825/tools/compiler/bin/../lib/gcc/arm-none-eabi/7.3.1/../../../../arm-none-eabi/lib/thumb/v7-m\libc.a(lib_a-atexit.o)
 .debug_frame   0x00001ee0       0x34 c:/ac6/systemworkbench/plugins/fr.ac6.mcu.externaltools.arm-none.win32_1.17.0.201812190825/tools/compiler/bin/../lib/gcc/arm-none-eabi/7.3.1/../../../../arm-none-eabi/lib/thumb/v7-m\libc.a(lib_a-fini.o)
 .debug_frame   0x00001f14       0xb0 c:/ac6/systemworkbench/plugins/fr.ac6.mcu.externaltools.arm-none.win32_1.17.0.201812190825/tools/compiler/bin/../lib/gcc/arm-none-eabi/7.3.1/../../../../arm-none-eabi/lib/thumb/v7-m\libc.a(lib_a-lock.o)
 .debug_frame   0x00001fc4       0x34 c:/ac6/systemworkbench/plugins/fr.ac6.mcu.externaltools.arm-none.win32_1.17.0.201812190825/tools/compiler/bin/../lib/gcc/arm-none-eabi/7.3.1/../../../../arm-none-eabi/lib/thumb/v7-m\libc.a(lib_a-__atexit.o)
